2026-08-07 06:40:31,550 | INFO     | bronze.inventory | Logging to file: /Workspace/Users/krishnasumanbhaipatel@gmail.com/Practice Folder/lakehouse-practice-project/logs/bronze_inventory_20260807.log
2026-08-07 06:40:31,551 | INFO     | bronze.inventory | Checking for last successful run
2026-08-07 06:40:32,381 | INFO     | bronze.inventory | Fetched watermark value: 2025-03-01 00:00:00
2026-08-07 06:40:32,382 | INFO     | bronze.inventory | Reading source inventory_raw table
2026-08-07 06:40:32,412 | INFO     | bronze.inventory | Starting pre-write validations
2026-08-07 06:40:33,630 | INFO     | bronze.inventory | Rows read from source: 0
2026-08-07 06:40:33,868 | INFO     | bronze.inventory | Pre-write validations passed. Source inventory_raw ready for ingestion.
2026-08-07 06:40:33,869 | INFO     | bronze.inventory | Starting Bronze inventory ingestion
2026-08-07 06:40:33,870 | INFO     | bronze.inventory | Source table: inventory_raw
2026-08-07 06:40:33,870 | INFO     | bronze.inventory | Target table: inventory
2026-08-07 06:40:36,084 | INFO     | bronze.inventory | Bronze inventory table written successfully.
2026-08-07 06:40:36,085 | INFO     | bronze.inventory | Starting post-write validations
2026-08-07 06:40:36,495 | INFO     | bronze.inventory | No new data found. Using previous watermark: 2025-03-01 00:00:00
2026-08-07 06:40:36,496 | INFO     | bronze.inventory | Rows written in this run: 0
2026-08-07 06:40:37,014 | INFO     | bronze.inventory | Total rows in bronze table: 10
2026-08-07 06:40:37,585 | INFO     | bronze.inventory | No primary key duplicates found
2026-08-07 06:40:38,233 | INFO     | bronze.inventory | No full row duplicates found
2026-08-07 06:40:38,915 | INFO     | bronze.inventory | No NULL values found
2026-08-07 06:40:38,916 | INFO     | bronze.inventory | Post-write validations completed. Bronze inventory ingestion finished successfully.
2026-08-07 06:40:40,573 | INFO     | bronze.inventory | Audit log written successfully
2026-08-07 07:40:27,622 | INFO     | bronze.inventory | Logging to file: /Workspace/Users/krishnasumanbhaipatel@gmail.com/Practice Folder/lakehouse-practice-project/logs/bronze_inventory_20260807.log
2026-08-07 07:40:27,624 | INFO     | bronze.inventory | Checking for last successful run
2026-08-07 07:40:28,304 | INFO     | bronze.inventory | Fetched watermark value: 2025-03-01 00:00:00
2026-08-07 07:40:28,305 | INFO     | bronze.inventory | Reading source inventory_raw table
2026-08-07 07:40:28,335 | INFO     | bronze.inventory | Starting pre-write validations
2026-08-07 07:40:29,607 | INFO     | bronze.inventory | Rows read from source: 0
2026-08-07 07:40:29,805 | INFO     | bronze.inventory | Pre-write validations passed. Source inventory_raw ready for ingestion.
2026-08-07 07:40:29,807 | INFO     | bronze.inventory | Starting Bronze inventory ingestion
2026-08-07 07:40:29,808 | INFO     | bronze.inventory | Source table: inventory_raw
2026-08-07 07:40:29,809 | INFO     | bronze.inventory | Target table: inventory
2026-08-07 07:40:31,943 | INFO     | bronze.inventory | Bronze inventory table written successfully.
2026-08-07 07:40:31,944 | INFO     | bronze.inventory | Starting post-write validations
2026-08-07 07:40:32,328 | INFO     | bronze.inventory | No new data found. Using previous watermark: 2025-03-01 00:00:00
2026-08-07 07:40:32,330 | INFO     | bronze.inventory | Rows written in this run: 0
2026-08-07 07:40:32,979 | INFO     | bronze.inventory | Total rows in bronze table: 10
2026-08-07 07:40:33,476 | INFO     | bronze.inventory | No primary key duplicates found
2026-08-07 07:40:33,872 | INFO     | bronze.inventory | No full row duplicates found
2026-08-07 07:40:34,260 | INFO     | bronze.inventory | No NULL values found
2026-08-07 07:40:34,261 | INFO     | bronze.inventory | Post-write validations completed. Bronze inventory ingestion finished successfully.
2026-08-07 07:40:36,024 | INFO     | bronze.inventory | Audit log written successfully
2026-08-07 07:52:05,845 | INFO     | bronze.inventory | Logging to file: /Workspace/Users/krishnasumanbhaipatel@gmail.com/Practice Folder/lakehouse-practice-project/logs/bronze_inventory_20260807.log
2026-08-07 07:52:05,848 | INFO     | bronze.inventory | Checking for last successful run
2026-08-07 07:52:06,477 | INFO     | bronze.inventory | Fetched watermark value: 2025-03-01 00:00:00
2026-08-07 07:52:06,478 | INFO     | bronze.inventory | Reading source inventory_raw table
2026-08-07 07:52:06,506 | INFO     | bronze.inventory | Starting pre-write validations
2026-08-07 07:52:07,269 | INFO     | bronze.inventory | Rows read from source: 0
2026-08-07 07:52:07,450 | INFO     | bronze.inventory | Pre-write validations passed. Source inventory_raw ready for ingestion.
2026-08-07 07:52:07,451 | INFO     | bronze.inventory | Starting Bronze inventory ingestion
2026-08-07 07:52:07,452 | INFO     | bronze.inventory | Source table: inventory_raw
2026-08-07 07:52:07,453 | INFO     | bronze.inventory | Target table: inventory
2026-08-07 07:52:08,914 | INFO     | bronze.inventory | Bronze inventory table written successfully.
2026-08-07 07:52:08,915 | INFO     | bronze.inventory | Starting post-write validations
2026-08-07 07:52:09,313 | INFO     | bronze.inventory | No new data found. Using previous watermark: 2025-03-01 00:00:00
2026-08-07 07:52:09,314 | INFO     | bronze.inventory | Rows written in this run: 0
2026-08-07 07:52:10,039 | INFO     | bronze.inventory | Total rows in bronze table: 10
2026-08-07 07:52:10,415 | INFO     | bronze.inventory | No primary key duplicates found
2026-08-07 07:52:11,090 | INFO     | bronze.inventory | No full row duplicates found
2026-08-07 07:52:11,450 | INFO     | bronze.inventory | No NULL values found
2026-08-07 07:52:11,452 | INFO     | bronze.inventory | Post-write validations completed. Bronze inventory ingestion finished successfully.
2026-08-07 07:52:12,967 | INFO     | bronze.inventory | Audit log written successfully
2026-08-07 08:05:55,100 | INFO     | bronze.inventory | Logging to file: /Workspace/Users/krishnasumanbhaipatel@gmail.com/Practice Folder/lakehouse-practice-project/logs/bronze_inventory_20260807.log
2026-08-07 08:05:55,101 | INFO     | bronze.inventory | Checking for last successful run
2026-08-07 08:05:55,658 | INFO     | bronze.inventory | Fetched watermark value: 2025-03-01 00:00:00
2026-08-07 08:05:55,659 | INFO     | bronze.inventory | Reading source inventory_raw table
2026-08-07 08:05:55,688 | INFO     | bronze.inventory | Starting pre-write validations
2026-08-07 08:05:56,352 | INFO     | bronze.inventory | Rows read from source: 0
2026-08-07 08:05:56,520 | INFO     | bronze.inventory | Pre-write validations passed. Source inventory_raw ready for ingestion.
2026-08-07 08:05:56,520 | INFO     | bronze.inventory | Starting Bronze inventory ingestion
2026-08-07 08:05:56,521 | INFO     | bronze.inventory | Source table: inventory_raw
2026-08-07 08:05:56,522 | INFO     | bronze.inventory | Target table: inventory
2026-08-07 08:05:57,650 | INFO     | bronze.inventory | Bronze inventory table written successfully.
2026-08-07 08:05:57,652 | INFO     | bronze.inventory | Starting post-write validations
2026-08-07 08:05:58,234 | INFO     | bronze.inventory | No new data found. Using previous watermark: 2025-03-01 00:00:00
2026-08-07 08:05:58,236 | INFO     | bronze.inventory | Rows written in this run: 0
2026-08-07 08:05:58,676 | INFO     | bronze.inventory | Total rows in bronze table: 10
2026-08-07 08:05:59,138 | INFO     | bronze.inventory | No primary key duplicates found
2026-08-07 08:05:59,449 | INFO     | bronze.inventory | No full row duplicates found
2026-08-07 08:05:59,862 | INFO     | bronze.inventory | No NULL values found
2026-08-07 08:05:59,869 | INFO     | bronze.inventory | Post-write validations completed. Bronze inventory ingestion finished successfully.
2026-08-07 08:06:01,379 | INFO     | bronze.inventory | Audit log written successfully
2026-08-07 08:25:07,112 | INFO     | bronze.inventory | Logging to file: /Workspace/Users/krishnasumanbhaipatel@gmail.com/Practice Folder/lakehouse-practice-project/logs/bronze_inventory_20260807.log
2026-08-07 08:25:07,114 | INFO     | bronze.inventory | Checking for last successful run
2026-08-07 08:25:07,699 | INFO     | bronze.inventory | Fetched watermark value: 2025-03-01 00:00:00
2026-08-07 08:25:07,700 | INFO     | bronze.inventory | Reading source inventory_raw table
2026-08-07 08:25:07,727 | INFO     | bronze.inventory | Starting pre-write validations
2026-08-07 08:25:08,557 | INFO     | bronze.inventory | Rows read from source: 0
2026-08-07 08:25:08,726 | INFO     | bronze.inventory | Pre-write validations passed. Source inventory_raw ready for ingestion.
2026-08-07 08:25:08,727 | INFO     | bronze.inventory | Starting Bronze inventory ingestion
2026-08-07 08:25:08,728 | INFO     | bronze.inventory | Source table: inventory_raw
2026-08-07 08:25:08,729 | INFO     | bronze.inventory | Target table: inventory
2026-08-07 08:25:10,141 | INFO     | bronze.inventory | Bronze inventory table written successfully.
2026-08-07 08:25:10,146 | INFO     | bronze.inventory | Starting post-write validations
2026-08-07 08:25:10,495 | INFO     | bronze.inventory | No new data found. Using previous watermark: 2025-03-01 00:00:00
2026-08-07 08:25:10,496 | INFO     | bronze.inventory | Rows written in this run: 0
2026-08-07 08:25:11,208 | INFO     | bronze.inventory | Total rows in bronze table: 10
2026-08-07 08:25:11,524 | INFO     | bronze.inventory | No primary key duplicates found
2026-08-07 08:25:12,038 | INFO     | bronze.inventory | No full row duplicates found
2026-08-07 08:25:12,339 | INFO     | bronze.inventory | No NULL values found
2026-08-07 08:25:12,340 | INFO     | bronze.inventory | Post-write validations completed. Bronze inventory ingestion finished successfully.
2026-08-07 08:25:13,890 | INFO     | bronze.inventory | Audit log written successfully
2026-08-07 08:38:26,878 | INFO     | bronze.inventory | Logging to file: /Workspace/Users/krishnasumanbhaipatel@gmail.com/Practice Folder/lakehouse-practice-project/logs/bronze_inventory_20260807.log
2026-08-07 08:38:26,879 | INFO     | bronze.inventory | Checking for last successful run
2026-08-07 08:38:27,448 | INFO     | bronze.inventory | Fetched watermark value: 2025-03-01 00:00:00
2026-08-07 08:38:27,449 | INFO     | bronze.inventory | Reading source inventory_raw table
2026-08-07 08:38:27,482 | INFO     | bronze.inventory | Starting pre-write validations
2026-08-07 08:38:28,152 | INFO     | bronze.inventory | Rows read from source: 0
2026-08-07 08:38:28,361 | INFO     | bronze.inventory | Pre-write validations passed. Source inventory_raw ready for ingestion.
2026-08-07 08:38:28,362 | INFO     | bronze.inventory | Starting Bronze inventory ingestion
2026-08-07 08:38:28,362 | INFO     | bronze.inventory | Source table: inventory_raw
2026-08-07 08:38:28,363 | INFO     | bronze.inventory | Target table: inventory
2026-08-07 08:38:29,911 | INFO     | bronze.inventory | Bronze inventory table written successfully.
2026-08-07 08:38:29,912 | INFO     | bronze.inventory | Starting post-write validations
2026-08-07 08:38:30,278 | INFO     | bronze.inventory | No new data found. Using previous watermark: 2025-03-01 00:00:00
2026-08-07 08:38:30,279 | INFO     | bronze.inventory | Rows written in this run: 0
2026-08-07 08:38:30,921 | INFO     | bronze.inventory | Total rows in bronze table: 10
2026-08-07 08:38:31,480 | INFO     | bronze.inventory | No primary key duplicates found
2026-08-07 08:38:31,837 | INFO     | bronze.inventory | No full row duplicates found
2026-08-07 08:38:32,298 | INFO     | bronze.inventory | No NULL values found
2026-08-07 08:38:32,303 | INFO     | bronze.inventory | Post-write validations completed. Bronze inventory ingestion finished successfully.
2026-08-07 08:38:33,939 | INFO     | bronze.inventory | Audit log written successfully
2026-08-07 08:44:54,910 | INFO     | bronze.inventory | Logging to file: /Workspace/Users/krishnasumanbhaipatel@gmail.com/Practice Folder/lakehouse-practice-project/logs/bronze_inventory_20260807.log
2026-08-07 08:44:54,922 | INFO     | bronze.inventory | Checking for last successful run
2026-08-07 08:44:55,724 | INFO     | bronze.inventory | Fetched watermark value: 2025-03-01 00:00:00
2026-08-07 08:44:55,732 | INFO     | bronze.inventory | Reading source inventory_raw table
2026-08-07 08:44:55,761 | INFO     | bronze.inventory | Starting pre-write validations
2026-08-07 08:44:56,376 | INFO     | bronze.inventory | Rows read from source: 0
2026-08-07 08:44:56,531 | INFO     | bronze.inventory | Pre-write validations passed. Source inventory_raw ready for ingestion.
2026-08-07 08:44:56,532 | INFO     | bronze.inventory | Starting Bronze inventory ingestion
2026-08-07 08:44:56,533 | INFO     | bronze.inventory | Source table: inventory_raw
2026-08-07 08:44:56,533 | INFO     | bronze.inventory | Target table: inventory
2026-08-07 08:44:57,554 | INFO     | bronze.inventory | Bronze inventory table written successfully.
2026-08-07 08:44:57,556 | INFO     | bronze.inventory | Starting post-write validations
2026-08-07 08:44:57,949 | INFO     | bronze.inventory | No new data found. Using previous watermark: 2025-03-01 00:00:00
2026-08-07 08:44:57,951 | INFO     | bronze.inventory | Rows written in this run: 0
2026-08-07 08:44:58,364 | INFO     | bronze.inventory | Total rows in bronze table: 10
2026-08-07 08:44:58,689 | INFO     | bronze.inventory | No primary key duplicates found
2026-08-07 08:44:59,046 | INFO     | bronze.inventory | No full row duplicates found
2026-08-07 08:44:59,371 | INFO     | bronze.inventory | No NULL values found
2026-08-07 08:44:59,373 | INFO     | bronze.inventory | Post-write validations completed. Bronze inventory ingestion finished successfully.
2026-08-07 08:45:00,660 | INFO     | bronze.inventory | Audit log written successfully
2026-08-07 11:11:35,470 | INFO     | bronze.inventory | Logging to file: /Workspace/Users/krishnasumanbhaipatel@gmail.com/Practice Folder/lakehouse-practice-project/logs/bronze_inventory_20260807.log
2026-08-07 11:11:35,471 | INFO     | bronze.inventory | Checking for last successful run
2026-08-07 11:11:36,197 | INFO     | bronze.inventory | Fetched watermark value: 2025-03-01 00:00:00
2026-08-07 11:11:36,199 | INFO     | bronze.inventory | Reading source inventory_raw table
2026-08-07 11:11:36,231 | INFO     | bronze.inventory | Starting pre-write validations
2026-08-07 11:11:37,647 | INFO     | bronze.inventory | Rows read from source: 0
2026-08-07 11:11:37,973 | INFO     | bronze.inventory | Pre-write validations passed. Source inventory_raw ready for ingestion.
2026-08-07 11:11:37,976 | INFO     | bronze.inventory | Starting Bronze inventory ingestion
2026-08-07 11:11:37,991 | INFO     | bronze.inventory | Source table: inventory_raw
2026-08-07 11:11:37,993 | INFO     | bronze.inventory | Target table: inventory
2026-08-07 11:11:39,730 | INFO     | bronze.inventory | Bronze inventory table written successfully.
2026-08-07 11:11:39,731 | INFO     | bronze.inventory | Starting post-write validations
2026-08-07 11:11:40,166 | INFO     | bronze.inventory | No new data found. Using previous watermark: 2025-03-01 00:00:00
2026-08-07 11:11:40,167 | INFO     | bronze.inventory | Rows written in this run: 0
2026-08-07 11:11:40,734 | INFO     | bronze.inventory | Total rows in bronze table: 10
2026-08-07 11:11:41,297 | INFO     | bronze.inventory | No primary key duplicates found
2026-08-07 11:11:41,706 | INFO     | bronze.inventory | No full row duplicates found
2026-08-07 11:11:42,079 | INFO     | bronze.inventory | No NULL values found
2026-08-07 11:11:42,092 | INFO     | bronze.inventory | Post-write validations completed. Bronze inventory ingestion finished successfully.
2026-08-07 11:11:44,655 | INFO     | bronze.inventory | Audit log written successfully
