2026-08-06 05:35:32,501 | INFO     | bronze.inventory | Logging to file: /Workspace/Users/krishnasumanbhaipatel@gmail.com/Practice Folder/lakehouse-practice-project/logs/bronze_inventory_20260806.log
2026-08-06 05:35:32,502 | INFO     | bronze.inventory | Checking for last successful run
2026-08-06 05:35:34,301 | INFO     | bronze.inventory | Fetched watermark value: 2025-03-01 00:00:00
2026-08-06 05:35:34,303 | INFO     | bronze.inventory | Reading source inventory_raw table
2026-08-06 05:35:34,336 | INFO     | bronze.inventory | Starting pre-write validations
2026-08-06 05:35:35,876 | INFO     | bronze.inventory | Rows read from source: 0
2026-08-06 05:35:36,075 | INFO     | bronze.inventory | Pre-write validations passed. Source inventory_raw ready for ingestion.
2026-08-06 05:35:36,077 | INFO     | bronze.inventory | Starting Bronze inventory ingestion
2026-08-06 05:35:36,078 | INFO     | bronze.inventory | Source table: inventory_raw
2026-08-06 05:35:36,079 | INFO     | bronze.inventory | Target table: inventory
2026-08-06 05:35:37,797 | INFO     | bronze.inventory | Bronze inventory table written successfully.
2026-08-06 05:35:37,798 | INFO     | bronze.inventory | Starting post-write validations
2026-08-06 05:35:38,204 | INFO     | bronze.inventory | No new data found. Using previous watermark: 2025-03-01 00:00:00
2026-08-06 05:35:38,205 | INFO     | bronze.inventory | Rows written in this run: 0
2026-08-06 05:35:38,730 | INFO     | bronze.inventory | Total rows in bronze table: 10
2026-08-06 05:35:39,355 | INFO     | bronze.inventory | No primary key duplicates found
2026-08-06 05:35:39,729 | INFO     | bronze.inventory | No full row duplicates found
2026-08-06 05:35:40,093 | INFO     | bronze.inventory | No NULL values found
2026-08-06 05:35:40,094 | INFO     | bronze.inventory | Post-write validations completed. Bronze inventory ingestion finished successfully.
2026-08-06 05:35:43,705 | INFO     | bronze.inventory | Audit log written successfully
2026-08-06 06:32:25,568 | INFO     | bronze.inventory | Logging to file: /Workspace/Users/krishnasumanbhaipatel@gmail.com/Practice Folder/lakehouse-practice-project/logs/bronze_inventory_20260806.log
2026-08-06 06:32:25,569 | INFO     | bronze.inventory | Checking for last successful run
2026-08-06 06:32:26,152 | INFO     | bronze.inventory | Fetched watermark value: 2025-03-01 00:00:00
2026-08-06 06:32:26,153 | INFO     | bronze.inventory | Reading source inventory_raw table
2026-08-06 06:32:26,188 | INFO     | bronze.inventory | Starting pre-write validations
2026-08-06 06:32:27,155 | INFO     | bronze.inventory | Rows read from source: 0
2026-08-06 06:32:27,603 | INFO     | bronze.inventory | Pre-write validations passed. Source inventory_raw ready for ingestion.
2026-08-06 06:32:27,604 | INFO     | bronze.inventory | Starting Bronze inventory ingestion
2026-08-06 06:32:27,605 | INFO     | bronze.inventory | Source table: inventory_raw
2026-08-06 06:32:27,606 | INFO     | bronze.inventory | Target table: inventory
2026-08-06 06:32:29,468 | INFO     | bronze.inventory | Bronze inventory table written successfully.
2026-08-06 06:32:29,469 | INFO     | bronze.inventory | Starting post-write validations
2026-08-06 06:32:29,834 | INFO     | bronze.inventory | No new data found. Using previous watermark: 2025-03-01 00:00:00
2026-08-06 06:32:29,835 | INFO     | bronze.inventory | Rows written in this run: 0
2026-08-06 06:32:30,390 | INFO     | bronze.inventory | Total rows in bronze table: 10
2026-08-06 06:32:30,851 | INFO     | bronze.inventory | No primary key duplicates found
2026-08-06 06:32:31,226 | INFO     | bronze.inventory | No full row duplicates found
2026-08-06 06:32:31,603 | INFO     | bronze.inventory | No NULL values found
2026-08-06 06:32:31,606 | INFO     | bronze.inventory | Post-write validations completed. Bronze inventory ingestion finished successfully.
2026-08-06 06:32:33,130 | INFO     | bronze.inventory | Audit log written successfully
2026-08-06 09:15:59,196 | INFO     | bronze.inventory | Logging to file: /Workspace/Users/krishnasumanbhaipatel@gmail.com/Practice Folder/lakehouse-practice-project/logs/bronze_inventory_20260806.log
2026-08-06 09:15:59,197 | INFO     | bronze.inventory | Checking for last successful run
2026-08-06 09:15:59,930 | INFO     | bronze.inventory | Fetched watermark value: 2025-03-01 00:00:00
2026-08-06 09:15:59,931 | INFO     | bronze.inventory | Reading source inventory_raw table
2026-08-06 09:15:59,963 | INFO     | bronze.inventory | Starting pre-write validations
2026-08-06 09:16:01,336 | INFO     | bronze.inventory | Rows read from source: 0
2026-08-06 09:16:01,525 | INFO     | bronze.inventory | Pre-write validations passed. Source inventory_raw ready for ingestion.
2026-08-06 09:16:01,526 | INFO     | bronze.inventory | Starting Bronze inventory ingestion
2026-08-06 09:16:01,527 | INFO     | bronze.inventory | Source table: inventory_raw
2026-08-06 09:16:01,527 | INFO     | bronze.inventory | Target table: inventory
2026-08-06 09:16:03,145 | INFO     | bronze.inventory | Bronze inventory table written successfully.
2026-08-06 09:16:03,169 | INFO     | bronze.inventory | Starting post-write validations
2026-08-06 09:16:03,798 | INFO     | bronze.inventory | No new data found. Using previous watermark: 2025-03-01 00:00:00
2026-08-06 09:16:03,800 | INFO     | bronze.inventory | Rows written in this run: 0
2026-08-06 09:16:04,338 | INFO     | bronze.inventory | Total rows in bronze table: 10
2026-08-06 09:16:04,850 | INFO     | bronze.inventory | No primary key duplicates found
2026-08-06 09:16:05,253 | INFO     | bronze.inventory | No full row duplicates found
2026-08-06 09:16:05,632 | INFO     | bronze.inventory | No NULL values found
2026-08-06 09:16:05,635 | INFO     | bronze.inventory | Post-write validations completed. Bronze inventory ingestion finished successfully.
2026-08-06 09:16:07,439 | INFO     | bronze.inventory | Audit log written successfully
2026-08-06 09:30:32,247 | INFO     | bronze.inventory | Logging to file: /Workspace/Users/krishnasumanbhaipatel@gmail.com/Practice Folder/lakehouse-practice-project/logs/bronze_inventory_20260806.log
2026-08-06 09:30:32,249 | INFO     | bronze.inventory | Checking for last successful run
2026-08-06 09:30:32,861 | INFO     | bronze.inventory | Fetched watermark value: 2025-03-01 00:00:00
2026-08-06 09:30:32,863 | INFO     | bronze.inventory | Reading source inventory_raw table
2026-08-06 09:30:32,890 | INFO     | bronze.inventory | Starting pre-write validations
2026-08-06 09:30:33,750 | INFO     | bronze.inventory | Rows read from source: 0
2026-08-06 09:30:33,922 | INFO     | bronze.inventory | Pre-write validations passed. Source inventory_raw ready for ingestion.
2026-08-06 09:30:33,924 | INFO     | bronze.inventory | Starting Bronze inventory ingestion
2026-08-06 09:30:33,925 | INFO     | bronze.inventory | Source table: inventory_raw
2026-08-06 09:30:33,926 | INFO     | bronze.inventory | Target table: inventory
2026-08-06 09:30:35,223 | INFO     | bronze.inventory | Bronze inventory table written successfully.
2026-08-06 09:30:35,224 | INFO     | bronze.inventory | Starting post-write validations
2026-08-06 09:30:35,669 | INFO     | bronze.inventory | No new data found. Using previous watermark: 2025-03-01 00:00:00
2026-08-06 09:30:35,671 | INFO     | bronze.inventory | Rows written in this run: 0
2026-08-06 09:30:36,358 | INFO     | bronze.inventory | Total rows in bronze table: 10
2026-08-06 09:30:36,715 | INFO     | bronze.inventory | No primary key duplicates found
2026-08-06 09:30:37,103 | INFO     | bronze.inventory | No full row duplicates found
2026-08-06 09:30:37,470 | INFO     | bronze.inventory | No NULL values found
2026-08-06 09:30:37,471 | INFO     | bronze.inventory | Post-write validations completed. Bronze inventory ingestion finished successfully.
2026-08-06 09:30:39,110 | INFO     | bronze.inventory | Audit log written successfully
2026-08-06 10:00:12,155 | INFO     | bronze.inventory | Logging to file: /Workspace/Users/krishnasumanbhaipatel@gmail.com/Practice Folder/lakehouse-practice-project/logs/bronze_inventory_20260806.log
2026-08-06 10:00:12,156 | INFO     | bronze.inventory | Checking for last successful run
2026-08-06 10:00:12,770 | INFO     | bronze.inventory | Fetched watermark value: 2025-03-01 00:00:00
2026-08-06 10:00:12,771 | INFO     | bronze.inventory | Reading source inventory_raw table
2026-08-06 10:00:12,805 | INFO     | bronze.inventory | Starting pre-write validations
2026-08-06 10:00:13,701 | INFO     | bronze.inventory | Rows read from source: 0
2026-08-06 10:00:13,870 | INFO     | bronze.inventory | Pre-write validations passed. Source inventory_raw ready for ingestion.
2026-08-06 10:00:13,871 | INFO     | bronze.inventory | Starting Bronze inventory ingestion
2026-08-06 10:00:13,872 | INFO     | bronze.inventory | Source table: inventory_raw
2026-08-06 10:00:13,873 | INFO     | bronze.inventory | Target table: inventory
2026-08-06 10:00:15,215 | INFO     | bronze.inventory | Bronze inventory table written successfully.
2026-08-06 10:00:15,216 | INFO     | bronze.inventory | Starting post-write validations
2026-08-06 10:00:15,598 | INFO     | bronze.inventory | No new data found. Using previous watermark: 2025-03-01 00:00:00
2026-08-06 10:00:15,599 | INFO     | bronze.inventory | Rows written in this run: 0
2026-08-06 10:00:16,233 | INFO     | bronze.inventory | Total rows in bronze table: 10
2026-08-06 10:00:16,592 | INFO     | bronze.inventory | No primary key duplicates found
2026-08-06 10:00:16,941 | INFO     | bronze.inventory | No full row duplicates found
2026-08-06 10:00:17,275 | INFO     | bronze.inventory | No NULL values found
2026-08-06 10:00:17,276 | INFO     | bronze.inventory | Post-write validations completed. Bronze inventory ingestion finished successfully.
2026-08-06 10:00:18,611 | INFO     | bronze.inventory | Audit log written successfully
2026-08-06 10:04:07,941 | INFO     | bronze.inventory | Logging to file: /Workspace/Users/krishnasumanbhaipatel@gmail.com/Practice Folder/lakehouse-practice-project/logs/bronze_inventory_20260806.log
2026-08-06 10:04:07,942 | INFO     | bronze.inventory | Checking for last successful run
2026-08-06 10:04:08,600 | INFO     | bronze.inventory | Fetched watermark value: 2025-03-01 00:00:00
2026-08-06 10:04:08,601 | INFO     | bronze.inventory | Reading source inventory_raw table
2026-08-06 10:04:08,627 | INFO     | bronze.inventory | Starting pre-write validations
2026-08-06 10:04:09,260 | INFO     | bronze.inventory | Rows read from source: 0
2026-08-06 10:04:09,415 | INFO     | bronze.inventory | Pre-write validations passed. Source inventory_raw ready for ingestion.
2026-08-06 10:04:09,416 | INFO     | bronze.inventory | Starting Bronze inventory ingestion
2026-08-06 10:04:09,418 | INFO     | bronze.inventory | Source table: inventory_raw
2026-08-06 10:04:09,419 | INFO     | bronze.inventory | Target table: inventory
2026-08-06 10:04:10,369 | INFO     | bronze.inventory | Bronze inventory table written successfully.
2026-08-06 10:04:10,370 | INFO     | bronze.inventory | Starting post-write validations
2026-08-06 10:04:10,711 | INFO     | bronze.inventory | No new data found. Using previous watermark: 2025-03-01 00:00:00
2026-08-06 10:04:10,714 | INFO     | bronze.inventory | Rows written in this run: 0
2026-08-06 10:04:11,170 | INFO     | bronze.inventory | Total rows in bronze table: 10
2026-08-06 10:04:11,489 | INFO     | bronze.inventory | No primary key duplicates found
2026-08-06 10:04:11,808 | INFO     | bronze.inventory | No full row duplicates found
2026-08-06 10:04:12,304 | INFO     | bronze.inventory | No NULL values found
2026-08-06 10:04:12,308 | INFO     | bronze.inventory | Post-write validations completed. Bronze inventory ingestion finished successfully.
2026-08-06 10:04:13,851 | INFO     | bronze.inventory | Audit log written successfully
2026-08-06 10:08:58,124 | INFO     | bronze.inventory | Logging to file: /Workspace/Users/krishnasumanbhaipatel@gmail.com/Practice Folder/lakehouse-practice-project/logs/bronze_inventory_20260806.log
2026-08-06 10:08:58,125 | INFO     | bronze.inventory | Checking for last successful run
2026-08-06 10:08:58,672 | INFO     | bronze.inventory | Fetched watermark value: 2025-03-01 00:00:00
2026-08-06 10:08:58,673 | INFO     | bronze.inventory | Reading source inventory_raw table
2026-08-06 10:08:58,699 | INFO     | bronze.inventory | Starting pre-write validations
2026-08-06 10:08:59,455 | INFO     | bronze.inventory | Rows read from source: 0
2026-08-06 10:08:59,738 | INFO     | bronze.inventory | Pre-write validations passed. Source inventory_raw ready for ingestion.
2026-08-06 10:08:59,740 | INFO     | bronze.inventory | Starting Bronze inventory ingestion
2026-08-06 10:08:59,741 | INFO     | bronze.inventory | Source table: inventory_raw
2026-08-06 10:08:59,742 | INFO     | bronze.inventory | Target table: inventory
2026-08-06 10:09:00,777 | INFO     | bronze.inventory | Bronze inventory table written successfully.
2026-08-06 10:09:00,778 | INFO     | bronze.inventory | Starting post-write validations
2026-08-06 10:09:01,130 | INFO     | bronze.inventory | No new data found. Using previous watermark: 2025-03-01 00:00:00
2026-08-06 10:09:01,132 | INFO     | bronze.inventory | Rows written in this run: 0
2026-08-06 10:09:01,582 | INFO     | bronze.inventory | Total rows in bronze table: 10
2026-08-06 10:09:01,905 | INFO     | bronze.inventory | No primary key duplicates found
2026-08-06 10:09:02,219 | INFO     | bronze.inventory | No full row duplicates found
2026-08-06 10:09:02,521 | INFO     | bronze.inventory | No NULL values found
2026-08-06 10:09:02,523 | INFO     | bronze.inventory | Post-write validations completed. Bronze inventory ingestion finished successfully.
2026-08-06 10:09:03,935 | INFO     | bronze.inventory | Audit log written successfully
2026-08-06 11:47:29,202 | INFO     | bronze.inventory | Logging to file: /Workspace/Users/krishnasumanbhaipatel@gmail.com/Practice Folder/lakehouse-practice-project/logs/bronze_inventory_20260806.log
2026-08-06 11:47:29,203 | INFO     | bronze.inventory | Checking for last successful run
2026-08-06 11:47:29,815 | INFO     | bronze.inventory | Fetched watermark value: 2025-03-01 00:00:00
2026-08-06 11:47:29,816 | INFO     | bronze.inventory | Reading source inventory_raw table
2026-08-06 11:47:29,851 | INFO     | bronze.inventory | Starting pre-write validations
2026-08-06 11:47:31,037 | INFO     | bronze.inventory | Rows read from source: 0
2026-08-06 11:47:31,223 | INFO     | bronze.inventory | Pre-write validations passed. Source inventory_raw ready for ingestion.
2026-08-06 11:47:31,226 | INFO     | bronze.inventory | Starting Bronze inventory ingestion
2026-08-06 11:47:31,227 | INFO     | bronze.inventory | Source table: inventory_raw
2026-08-06 11:47:31,228 | INFO     | bronze.inventory | Target table: inventory
2026-08-06 11:47:33,027 | INFO     | bronze.inventory | Bronze inventory table written successfully.
2026-08-06 11:47:33,027 | INFO     | bronze.inventory | Starting post-write validations
2026-08-06 11:47:33,415 | INFO     | bronze.inventory | No new data found. Using previous watermark: 2025-03-01 00:00:00
2026-08-06 11:47:33,422 | INFO     | bronze.inventory | Rows written in this run: 0
2026-08-06 11:47:33,921 | INFO     | bronze.inventory | Total rows in bronze table: 10
2026-08-06 11:47:34,660 | INFO     | bronze.inventory | No primary key duplicates found
2026-08-06 11:47:35,117 | INFO     | bronze.inventory | No full row duplicates found
2026-08-06 11:47:35,467 | INFO     | bronze.inventory | No NULL values found
2026-08-06 11:47:35,468 | INFO     | bronze.inventory | Post-write validations completed. Bronze inventory ingestion finished successfully.
2026-08-06 11:47:37,045 | INFO     | bronze.inventory | Audit log written successfully
2026-08-06 13:18:31,183 | INFO     | bronze.inventory | Logging to file: /Workspace/Users/krishnasumanbhaipatel@gmail.com/Practice Folder/lakehouse-practice-project/logs/bronze_inventory_20260806.log
2026-08-06 13:18:31,184 | INFO     | bronze.inventory | Checking for last successful run
2026-08-06 13:18:31,871 | INFO     | bronze.inventory | Fetched watermark value: 2025-03-01 00:00:00
2026-08-06 13:18:31,872 | INFO     | bronze.inventory | Reading source inventory_raw table
2026-08-06 13:18:31,908 | INFO     | bronze.inventory | Starting pre-write validations
2026-08-06 13:18:32,929 | INFO     | bronze.inventory | Rows read from source: 0
2026-08-06 13:18:33,100 | INFO     | bronze.inventory | Pre-write validations passed. Source inventory_raw ready for ingestion.
2026-08-06 13:18:33,102 | INFO     | bronze.inventory | Starting Bronze inventory ingestion
2026-08-06 13:18:33,103 | INFO     | bronze.inventory | Source table: inventory_raw
2026-08-06 13:18:33,105 | INFO     | bronze.inventory | Target table: inventory
2026-08-06 13:18:34,498 | INFO     | bronze.inventory | Bronze inventory table written successfully.
2026-08-06 13:18:34,516 | INFO     | bronze.inventory | Starting post-write validations
2026-08-06 13:18:35,020 | INFO     | bronze.inventory | No new data found. Using previous watermark: 2025-03-01 00:00:00
2026-08-06 13:18:35,024 | INFO     | bronze.inventory | Rows written in this run: 0
2026-08-06 13:18:35,509 | INFO     | bronze.inventory | Total rows in bronze table: 10
2026-08-06 13:18:36,082 | INFO     | bronze.inventory | No primary key duplicates found
2026-08-06 13:18:36,450 | INFO     | bronze.inventory | No full row duplicates found
2026-08-06 13:18:37,010 | INFO     | bronze.inventory | No NULL values found
2026-08-06 13:18:37,012 | INFO     | bronze.inventory | Post-write validations completed. Bronze inventory ingestion finished successfully.
2026-08-06 13:18:38,693 | INFO     | bronze.inventory | Audit log written successfully
2026-08-06 13:37:47,871 | INFO     | bronze.inventory | Logging to file: /Workspace/Users/krishnasumanbhaipatel@gmail.com/Practice Folder/lakehouse-practice-project/logs/bronze_inventory_20260806.log
2026-08-06 13:37:47,872 | INFO     | bronze.inventory | Checking for last successful run
2026-08-06 13:37:48,526 | INFO     | bronze.inventory | Fetched watermark value: 2025-03-01 00:00:00
2026-08-06 13:37:48,527 | INFO     | bronze.inventory | Reading source inventory_raw table
2026-08-06 13:37:48,559 | INFO     | bronze.inventory | Starting pre-write validations
2026-08-06 13:37:49,228 | INFO     | bronze.inventory | Rows read from source: 0
2026-08-06 13:37:49,403 | INFO     | bronze.inventory | Pre-write validations passed. Source inventory_raw ready for ingestion.
2026-08-06 13:37:49,404 | INFO     | bronze.inventory | Starting Bronze inventory ingestion
2026-08-06 13:37:49,406 | INFO     | bronze.inventory | Source table: inventory_raw
2026-08-06 13:37:49,406 | INFO     | bronze.inventory | Target table: inventory
2026-08-06 13:37:50,543 | INFO     | bronze.inventory | Bronze inventory table written successfully.
2026-08-06 13:37:50,544 | INFO     | bronze.inventory | Starting post-write validations
2026-08-06 13:37:50,920 | INFO     | bronze.inventory | No new data found. Using previous watermark: 2025-03-01 00:00:00
2026-08-06 13:37:50,921 | INFO     | bronze.inventory | Rows written in this run: 0
2026-08-06 13:37:51,570 | INFO     | bronze.inventory | Total rows in bronze table: 10
2026-08-06 13:37:51,905 | INFO     | bronze.inventory | No primary key duplicates found
2026-08-06 13:37:52,230 | INFO     | bronze.inventory | No full row duplicates found
2026-08-06 13:37:52,556 | INFO     | bronze.inventory | No NULL values found
2026-08-06 13:37:52,559 | INFO     | bronze.inventory | Post-write validations completed. Bronze inventory ingestion finished successfully.
2026-08-06 13:37:53,864 | INFO     | bronze.inventory | Audit log written successfully
2026-08-06 13:59:45,833 | INFO     | bronze.inventory | Logging to file: /Workspace/Users/krishnasumanbhaipatel@gmail.com/Practice Folder/lakehouse-practice-project/logs/bronze_inventory_20260806.log
2026-08-06 13:59:45,833 | INFO     | bronze.inventory | Checking for last successful run
2026-08-06 13:59:46,393 | INFO     | bronze.inventory | Fetched watermark value: 2025-03-01 00:00:00
2026-08-06 13:59:46,394 | INFO     | bronze.inventory | Reading source inventory_raw table
2026-08-06 13:59:46,421 | INFO     | bronze.inventory | Starting pre-write validations
2026-08-06 13:59:47,296 | INFO     | bronze.inventory | Rows read from source: 0
2026-08-06 13:59:47,450 | INFO     | bronze.inventory | Pre-write validations passed. Source inventory_raw ready for ingestion.
2026-08-06 13:59:47,451 | INFO     | bronze.inventory | Starting Bronze inventory ingestion
2026-08-06 13:59:47,452 | INFO     | bronze.inventory | Source table: inventory_raw
2026-08-06 13:59:47,453 | INFO     | bronze.inventory | Target table: inventory
2026-08-06 13:59:48,850 | INFO     | bronze.inventory | Bronze inventory table written successfully.
2026-08-06 13:59:48,851 | INFO     | bronze.inventory | Starting post-write validations
2026-08-06 13:59:49,411 | INFO     | bronze.inventory | No new data found. Using previous watermark: 2025-03-01 00:00:00
2026-08-06 13:59:49,413 | INFO     | bronze.inventory | Rows written in this run: 0
2026-08-06 13:59:49,832 | INFO     | bronze.inventory | Total rows in bronze table: 10
2026-08-06 13:59:50,124 | INFO     | bronze.inventory | No primary key duplicates found
2026-08-06 13:59:50,462 | INFO     | bronze.inventory | No full row duplicates found
2026-08-06 13:59:50,802 | INFO     | bronze.inventory | No NULL values found
2026-08-06 13:59:50,804 | INFO     | bronze.inventory | Post-write validations completed. Bronze inventory ingestion finished successfully.
2026-08-06 13:59:52,082 | INFO     | bronze.inventory | Audit log written successfully
2026-08-06 14:09:19,732 | INFO     | bronze.inventory | Logging to file: /Workspace/Users/krishnasumanbhaipatel@gmail.com/Practice Folder/lakehouse-practice-project/logs/bronze_inventory_20260806.log
2026-08-06 14:09:19,733 | INFO     | bronze.inventory | Checking for last successful run
2026-08-06 14:09:20,299 | INFO     | bronze.inventory | Fetched watermark value: 2025-03-01 00:00:00
2026-08-06 14:09:20,300 | INFO     | bronze.inventory | Reading source inventory_raw table
2026-08-06 14:09:20,331 | INFO     | bronze.inventory | Starting pre-write validations
2026-08-06 14:09:21,014 | INFO     | bronze.inventory | Rows read from source: 0
2026-08-06 14:09:21,184 | INFO     | bronze.inventory | Pre-write validations passed. Source inventory_raw ready for ingestion.
2026-08-06 14:09:21,185 | INFO     | bronze.inventory | Starting Bronze inventory ingestion
2026-08-06 14:09:21,186 | INFO     | bronze.inventory | Source table: inventory_raw
2026-08-06 14:09:21,186 | INFO     | bronze.inventory | Target table: inventory
2026-08-06 14:09:22,314 | INFO     | bronze.inventory | Bronze inventory table written successfully.
2026-08-06 14:09:22,316 | INFO     | bronze.inventory | Starting post-write validations
2026-08-06 14:09:22,666 | INFO     | bronze.inventory | No new data found. Using previous watermark: 2025-03-01 00:00:00
2026-08-06 14:09:22,667 | INFO     | bronze.inventory | Rows written in this run: 0
2026-08-06 14:09:23,136 | INFO     | bronze.inventory | Total rows in bronze table: 10
2026-08-06 14:09:23,459 | INFO     | bronze.inventory | No primary key duplicates found
2026-08-06 14:09:23,920 | INFO     | bronze.inventory | No full row duplicates found
2026-08-06 14:09:24,243 | INFO     | bronze.inventory | No NULL values found
2026-08-06 14:09:24,244 | INFO     | bronze.inventory | Post-write validations completed. Bronze inventory ingestion finished successfully.
2026-08-06 14:09:25,756 | INFO     | bronze.inventory | Audit log written successfully
