2026-08-12 12:36:39,538 | INFO     | gold.dim_products | Logging to file: /Workspace/Users/krishnasumanbhaipatel@gmail.com/Practice Folder/lakehouse-practice-project/logs/gold_dim_products_20260812.log
2026-08-12 12:36:39,599 | INFO     | gold.dim_products | Starting Gold pipeline at 2026-08-12 12:36:39.421881
2026-08-12 12:36:41,418 | INFO     | gold.dim_products | Read 0 records from catalog_project1.silver.clean_products table
2026-08-12 12:36:42,110 | INFO     | gold.dim_products | Incremental load from catalog_project1.silver.clean_products table
2026-08-12 12:36:46,827 | INFO     | gold.dim_products | No new data processed, watermark unchanged: 2024-12-17 00:00:00
2026-08-12 12:36:46,829 | INFO     | gold.dim_products | Incremental load completed for catalog_project1.gold.dim_products
2026-08-12 12:36:46,831 | INFO     | gold.dim_products | Gold pipeline for catalog_project1.gold.dim_products completed successfully
2026-08-12 12:36:48,891 | INFO     | gold.dim_products | Audit for catalog_project1.gold.dim_products is written successfully
2026-08-12 12:37:25,837 | INFO     | gold.dim_products | Logging to file: /Workspace/Users/krishnasumanbhaipatel@gmail.com/Practice Folder/lakehouse-practice-project/logs/gold_dim_products_20260812.log
2026-08-12 12:37:25,838 | INFO     | gold.dim_products | Starting Gold pipeline at 2026-08-12 12:37:25.788110
2026-08-12 12:37:27,114 | INFO     | gold.dim_products | Read 0 records from catalog_project1.silver.clean_products table
2026-08-12 12:37:27,401 | INFO     | gold.dim_products | Incremental load from catalog_project1.silver.clean_products table
2026-08-12 12:37:30,333 | INFO     | gold.dim_products | No new data processed, watermark unchanged: 2024-12-17 00:00:00
2026-08-12 12:37:30,334 | INFO     | gold.dim_products | Incremental load completed for catalog_project1.gold.dim_products
2026-08-12 12:37:30,335 | INFO     | gold.dim_products | Gold pipeline for catalog_project1.gold.dim_products completed successfully
2026-08-12 12:37:31,913 | INFO     | gold.dim_products | Audit for catalog_project1.gold.dim_products is written successfully
2026-08-12 12:43:25,292 | INFO     | gold.dim_products | Logging to file: /Workspace/Users/krishnasumanbhaipatel@gmail.com/Practice Folder/lakehouse-practice-project/logs/gold_dim_products_20260812.log
2026-08-12 12:43:25,293 | INFO     | gold.dim_products | Starting Gold pipeline at 2026-08-12 12:43:25.291738
2026-08-12 12:43:27,082 | INFO     | gold.dim_products | Read 0 records from catalog_project1.silver.clean_products table
2026-08-12 12:43:27,275 | INFO     | gold.dim_products | Incremental load from catalog_project1.silver.clean_products table
2026-08-12 12:43:29,969 | INFO     | gold.dim_products | No new data processed, watermark unchanged: 2024-12-17 00:00:00
2026-08-12 12:43:29,971 | INFO     | gold.dim_products | Incremental load completed for catalog_project1.gold.dim_products
2026-08-12 12:43:29,972 | INFO     | gold.dim_products | Gold pipeline for catalog_project1.gold.dim_products completed successfully
2026-08-12 12:43:31,837 | INFO     | gold.dim_products | Audit for catalog_project1.gold.dim_products is written successfully
