2026-08-12 12:36:48,894 | INFO     | gold.dim_customers | Logging to file: /Workspace/Users/krishnasumanbhaipatel@gmail.com/Practice Folder/lakehouse-practice-project/logs/gold_dim_customers_20260812.log
2026-08-12 12:36:48,896 | INFO     | gold.dim_customers | Starting Gold pipeline at 2026-08-12 12:36:48.893106
2026-08-12 12:36:50,099 | INFO     | gold.dim_customers | Read 0 records from catalog_project1.silver.clean_customers table
2026-08-12 12:36:50,613 | INFO     | gold.dim_customers | Incremental load from catalog_project1.silver.clean_customers table
2026-08-12 12:36:54,114 | INFO     | gold.dim_customers | No new data processed, watermark unchanged: 2025-02-16 00:00:00
2026-08-12 12:36:54,116 | INFO     | gold.dim_customers | Incremental load completed for catalog_project1.gold.dim_customers
2026-08-12 12:36:54,117 | INFO     | gold.dim_customers | Gold pipeline for catalog_project1.gold.dim_customers completed successfully
2026-08-12 12:36:55,651 | INFO     | gold.dim_customers | Audit for catalog_project1.gold.dim_customers is written successfully
2026-08-12 12:37:31,952 | INFO     | gold.dim_customers | Logging to file: /Workspace/Users/krishnasumanbhaipatel@gmail.com/Practice Folder/lakehouse-practice-project/logs/gold_dim_customers_20260812.log
2026-08-12 12:37:31,954 | INFO     | gold.dim_customers | Starting Gold pipeline at 2026-08-12 12:37:31.915591
2026-08-12 12:37:33,124 | INFO     | gold.dim_customers | Read 0 records from catalog_project1.silver.clean_customers table
2026-08-12 12:37:33,489 | INFO     | gold.dim_customers | Incremental load from catalog_project1.silver.clean_customers table
2026-08-12 12:37:36,238 | INFO     | gold.dim_customers | No new data processed, watermark unchanged: 2025-02-16 00:00:00
2026-08-12 12:37:36,239 | INFO     | gold.dim_customers | Incremental load completed for catalog_project1.gold.dim_customers
2026-08-12 12:37:36,240 | INFO     | gold.dim_customers | Gold pipeline for catalog_project1.gold.dim_customers completed successfully
2026-08-12 12:37:37,764 | INFO     | gold.dim_customers | Audit for catalog_project1.gold.dim_customers is written successfully
2026-08-12 12:43:31,853 | INFO     | gold.dim_customers | Logging to file: /Workspace/Users/krishnasumanbhaipatel@gmail.com/Practice Folder/lakehouse-practice-project/logs/gold_dim_customers_20260812.log
2026-08-12 12:43:31,857 | INFO     | gold.dim_customers | Starting Gold pipeline at 2026-08-12 12:43:31.847694
2026-08-12 12:43:33,518 | INFO     | gold.dim_customers | Read 0 records from catalog_project1.silver.clean_customers table
2026-08-12 12:43:33,703 | INFO     | gold.dim_customers | Incremental load from catalog_project1.silver.clean_customers table
2026-08-12 12:43:36,629 | INFO     | gold.dim_customers | No new data processed, watermark unchanged: 2025-02-16 00:00:00
2026-08-12 12:43:36,630 | INFO     | gold.dim_customers | Incremental load completed for catalog_project1.gold.dim_customers
2026-08-12 12:43:36,631 | INFO     | gold.dim_customers | Gold pipeline for catalog_project1.gold.dim_customers completed successfully
2026-08-12 12:43:38,255 | INFO     | gold.dim_customers | Audit for catalog_project1.gold.dim_customers is written successfully
