2026-08-13 07:54:46,662 | INFO     | gold.dim_products | Logging to file: /Workspace/Users/krishnasumanbhaipatel@gmail.com/Practice Folder/lakehouse-practice-project/logs/gold_dim_products_20260813.log
2026-08-13 07:54:46,671 | INFO     | gold.dim_products | Starting Gold pipeline at 2026-08-13 07:54:46.661328
2026-08-13 07:55:11,978 | INFO     | gold.dim_products | Read 0 records from catalog_project1.silver.clean_products table
2026-08-13 07:55:13,128 | INFO     | gold.dim_products | Incremental load from catalog_project1.silver.clean_products table
2026-08-13 07:55:18,003 | INFO     | gold.dim_products | No new data processed, watermark unchanged: 2024-12-17 00:00:00
2026-08-13 07:55:18,005 | INFO     | gold.dim_products | Incremental load completed for catalog_project1.gold.dim_products
2026-08-13 07:55:18,006 | INFO     | gold.dim_products | Gold pipeline for catalog_project1.gold.dim_products completed successfully
2026-08-13 07:55:24,595 | INFO     | gold.dim_products | Audit for catalog_project1.gold.dim_products is written successfully
2026-08-13 07:57:25,673 | INFO     | gold.dim_products | Logging to file: /Workspace/Users/krishnasumanbhaipatel@gmail.com/Practice Folder/lakehouse-practice-project/logs/gold_dim_products_20260813.log
2026-08-13 07:57:25,675 | INFO     | gold.dim_products | Starting Gold pipeline at 2026-08-13 07:57:25.612965
2026-08-13 07:57:27,143 | INFO     | gold.dim_products | Read 0 records from catalog_project1.silver.clean_products table
2026-08-13 07:57:27,422 | INFO     | gold.dim_products | Incremental load from catalog_project1.silver.clean_products table
2026-08-13 07:57:31,367 | INFO     | gold.dim_products | No new data processed, watermark unchanged: 2024-12-17 00:00:00
2026-08-13 07:57:31,368 | INFO     | gold.dim_products | Incremental load completed for catalog_project1.gold.dim_products
2026-08-13 07:57:31,369 | INFO     | gold.dim_products | Gold pipeline for catalog_project1.gold.dim_products completed successfully
2026-08-13 07:57:33,291 | INFO     | gold.dim_products | Audit for catalog_project1.gold.dim_products is written successfully
2026-08-13 07:58:54,620 | INFO     | gold.dim_products | Logging to file: /Workspace/Users/krishnasumanbhaipatel@gmail.com/Practice Folder/lakehouse-practice-project/logs/gold_dim_products_20260813.log
2026-08-13 07:58:54,621 | INFO     | gold.dim_products | Starting Gold pipeline at 2026-08-13 07:58:54.590691
2026-08-13 07:58:55,997 | INFO     | gold.dim_products | Read 0 records from catalog_project1.silver.clean_products table
2026-08-13 07:58:56,355 | INFO     | gold.dim_products | Incremental load from catalog_project1.silver.clean_products table
2026-08-13 07:58:59,421 | INFO     | gold.dim_products | No new data processed, watermark unchanged: 2024-12-17 00:00:00
2026-08-13 07:58:59,422 | INFO     | gold.dim_products | Incremental load completed for catalog_project1.gold.dim_products
2026-08-13 07:58:59,424 | INFO     | gold.dim_products | Gold pipeline for catalog_project1.gold.dim_products completed successfully
2026-08-13 07:59:01,273 | INFO     | gold.dim_products | Audit for catalog_project1.gold.dim_products is written successfully
2026-08-13 08:00:00,903 | INFO     | gold.dim_products | Logging to file: /Workspace/Users/krishnasumanbhaipatel@gmail.com/Practice Folder/lakehouse-practice-project/logs/gold_dim_products_20260813.log
2026-08-13 08:00:00,904 | INFO     | gold.dim_products | Starting Gold pipeline at 2026-08-13 08:00:00.855955
2026-08-13 08:00:02,584 | INFO     | gold.dim_products | Read 0 records from catalog_project1.silver.clean_products table
2026-08-13 08:00:02,815 | INFO     | gold.dim_products | Incremental load from catalog_project1.silver.clean_products table
2026-08-13 08:00:05,651 | INFO     | gold.dim_products | No new data processed, watermark unchanged: 2024-12-17 00:00:00
2026-08-13 08:00:05,651 | INFO     | gold.dim_products | Incremental load completed for catalog_project1.gold.dim_products
2026-08-13 08:00:05,652 | INFO     | gold.dim_products | Gold pipeline for catalog_project1.gold.dim_products completed successfully
2026-08-13 08:00:07,562 | INFO     | gold.dim_products | Audit for catalog_project1.gold.dim_products is written successfully
2026-08-13 08:00:33,280 | INFO     | gold.dim_products | Logging to file: /Workspace/Users/krishnasumanbhaipatel@gmail.com/Practice Folder/lakehouse-practice-project/logs/gold_dim_products_20260813.log
2026-08-13 08:00:33,282 | INFO     | gold.dim_products | Starting Gold pipeline at 2026-08-13 08:00:33.234812
2026-08-13 08:00:34,609 | INFO     | gold.dim_products | Read 0 records from catalog_project1.silver.clean_products table
2026-08-13 08:00:34,831 | INFO     | gold.dim_products | Incremental load from catalog_project1.silver.clean_products table
2026-08-13 08:00:37,776 | INFO     | gold.dim_products | No new data processed, watermark unchanged: 2024-12-17 00:00:00
2026-08-13 08:00:37,777 | INFO     | gold.dim_products | Incremental load completed for catalog_project1.gold.dim_products
2026-08-13 08:00:37,778 | INFO     | gold.dim_products | Gold pipeline for catalog_project1.gold.dim_products completed successfully
2026-08-13 08:00:39,368 | INFO     | gold.dim_products | Audit for catalog_project1.gold.dim_products is written successfully
2026-08-13 08:02:35,312 | INFO     | gold.dim_products | Logging to file: /Workspace/Users/krishnasumanbhaipatel@gmail.com/Practice Folder/lakehouse-practice-project/logs/gold_dim_products_20260813.log
2026-08-13 08:02:35,313 | INFO     | gold.dim_products | Starting Gold pipeline at 2026-08-13 08:02:35.278804
2026-08-13 08:02:37,053 | INFO     | gold.dim_products | Read 0 records from catalog_project1.silver.clean_products table
2026-08-13 08:02:37,284 | INFO     | gold.dim_products | Incremental load from catalog_project1.silver.clean_products table
2026-08-13 08:03:43,513 | INFO     | gold.dim_products | No new data processed, watermark unchanged: 2024-12-17 00:00:00
2026-08-13 08:03:43,514 | INFO     | gold.dim_products | Incremental load completed for catalog_project1.gold.dim_products
2026-08-13 08:03:43,515 | INFO     | gold.dim_products | Gold pipeline for catalog_project1.gold.dim_products completed successfully
2026-08-13 08:03:49,518 | INFO     | gold.dim_products | Logging to file: /Workspace/Users/krishnasumanbhaipatel@gmail.com/Practice Folder/lakehouse-practice-project/logs/gold_dim_products_20260813.log
2026-08-13 08:03:49,521 | INFO     | gold.dim_products | Starting Gold pipeline at 2026-08-13 08:03:49.483836
2026-08-13 08:03:50,767 | INFO     | gold.dim_products | Read 0 records from catalog_project1.silver.clean_products table
2026-08-13 08:03:51,131 | INFO     | gold.dim_products | Incremental load from catalog_project1.silver.clean_products table
2026-08-13 08:03:54,751 | INFO     | gold.dim_products | No new data processed, watermark unchanged: 2024-12-17 00:00:00
2026-08-13 08:03:54,753 | INFO     | gold.dim_products | Incremental load completed for catalog_project1.gold.dim_products
2026-08-13 08:03:54,754 | INFO     | gold.dim_products | Gold pipeline for catalog_project1.gold.dim_products completed successfully
2026-08-13 08:03:56,484 | INFO     | gold.dim_products | Audit for catalog_project1.gold.dim_products is written successfully
2026-08-13 08:05:17,054 | INFO     | gold.dim_products | Logging to file: /Workspace/Users/krishnasumanbhaipatel@gmail.com/Practice Folder/lakehouse-practice-project/logs/gold_dim_products_20260813.log
2026-08-13 08:05:17,055 | INFO     | gold.dim_products | Starting Gold pipeline at 2026-08-13 08:05:17.022433
2026-08-13 08:05:18,471 | INFO     | gold.dim_products | Read 0 records from catalog_project1.silver.clean_products table
2026-08-13 08:05:18,700 | INFO     | gold.dim_products | Incremental load from catalog_project1.silver.clean_products table
2026-08-13 08:05:21,810 | INFO     | gold.dim_products | No new data processed, watermark unchanged: 2024-12-17 00:00:00
2026-08-13 08:05:21,813 | INFO     | gold.dim_products | Incremental load completed for catalog_project1.gold.dim_products
2026-08-13 08:05:21,814 | INFO     | gold.dim_products | Gold pipeline for catalog_project1.gold.dim_products completed successfully
2026-08-13 08:05:23,695 | INFO     | gold.dim_products | Audit for catalog_project1.gold.dim_products is written successfully
2026-08-13 08:06:04,519 | INFO     | gold.dim_products | Logging to file: /Workspace/Users/krishnasumanbhaipatel@gmail.com/Practice Folder/lakehouse-practice-project/logs/gold_dim_products_20260813.log
2026-08-13 08:06:04,520 | INFO     | gold.dim_products | Starting Gold pipeline at 2026-08-13 08:06:04.487262
2026-08-13 08:06:05,689 | INFO     | gold.dim_products | Read 0 records from catalog_project1.silver.clean_products table
2026-08-13 08:06:05,894 | INFO     | gold.dim_products | Incremental load from catalog_project1.silver.clean_products table
2026-08-13 08:06:08,470 | INFO     | gold.dim_products | No new data processed, watermark unchanged: 2024-12-17 00:00:00
2026-08-13 08:06:08,471 | INFO     | gold.dim_products | Incremental load completed for catalog_project1.gold.dim_products
2026-08-13 08:06:08,471 | INFO     | gold.dim_products | Gold pipeline for catalog_project1.gold.dim_products completed successfully
2026-08-13 08:06:10,298 | INFO     | gold.dim_products | Audit for catalog_project1.gold.dim_products is written successfully
2026-08-13 08:08:56,063 | INFO     | gold.dim_products | Logging to file: /Workspace/Users/krishnasumanbhaipatel@gmail.com/Practice Folder/lakehouse-practice-project/logs/gold_dim_products_20260813.log
2026-08-13 08:08:56,064 | INFO     | gold.dim_products | Starting Gold pipeline at 2026-08-13 08:08:56.028214
2026-08-13 08:08:57,333 | INFO     | gold.dim_products | Read 0 records from catalog_project1.silver.clean_products table
2026-08-13 08:08:57,547 | INFO     | gold.dim_products | Incremental load from catalog_project1.silver.clean_products table
2026-08-13 08:09:00,297 | INFO     | gold.dim_products | No new data processed, watermark unchanged: 2024-12-17 00:00:00
2026-08-13 08:09:00,299 | INFO     | gold.dim_products | Incremental load completed for catalog_project1.gold.dim_products
2026-08-13 08:09:00,300 | INFO     | gold.dim_products | Gold pipeline for catalog_project1.gold.dim_products completed successfully
2026-08-13 08:09:01,846 | INFO     | gold.dim_products | Audit for catalog_project1.gold.dim_products is written successfully
2026-08-13 08:10:50,094 | INFO     | gold.dim_products | Logging to file: /Workspace/Users/krishnasumanbhaipatel@gmail.com/Practice Folder/lakehouse-practice-project/logs/gold_dim_products_20260813.log
2026-08-13 08:10:50,095 | INFO     | gold.dim_products | Starting Gold pipeline at 2026-08-13 08:10:50.059796
2026-08-13 08:10:51,470 | INFO     | gold.dim_products | Read 0 records from catalog_project1.silver.clean_products table
2026-08-13 08:10:51,671 | INFO     | gold.dim_products | Incremental load from catalog_project1.silver.clean_products table
2026-08-13 08:10:54,527 | INFO     | gold.dim_products | No new data processed, watermark unchanged: 2024-12-17 00:00:00
2026-08-13 08:10:54,528 | INFO     | gold.dim_products | Incremental load completed for catalog_project1.gold.dim_products
2026-08-13 08:10:54,529 | INFO     | gold.dim_products | Gold pipeline for catalog_project1.gold.dim_products completed successfully
2026-08-13 08:10:56,154 | INFO     | gold.dim_products | Audit for catalog_project1.gold.dim_products is written successfully
2026-08-13 08:22:02,713 | INFO     | gold.dim_products | Logging to file: /Workspace/Users/krishnasumanbhaipatel@gmail.com/Practice Folder/lakehouse-practice-project/logs/gold_dim_products_20260813.log
2026-08-13 08:22:02,714 | INFO     | gold.dim_products | Starting Gold pipeline at 2026-08-13 08:22:02.668665
2026-08-13 08:22:03,978 | INFO     | gold.dim_products | Read 0 records from catalog_project1.silver.clean_products table
2026-08-13 08:22:04,165 | INFO     | gold.dim_products | Incremental load from catalog_project1.silver.clean_products table
2026-08-13 08:22:06,680 | INFO     | gold.dim_products | No new data processed, watermark unchanged: 2024-12-17 00:00:00
2026-08-13 08:22:06,682 | INFO     | gold.dim_products | Incremental load completed for catalog_project1.gold.dim_products
2026-08-13 08:22:06,683 | INFO     | gold.dim_products | Gold pipeline for catalog_project1.gold.dim_products completed successfully
2026-08-13 08:22:08,203 | INFO     | gold.dim_products | Audit for catalog_project1.gold.dim_products is written successfully
